Running Gradle task 'assembleDebug'...                          
flutter : 
At line:1 char:63
+ ... ndroid 
Studio\jbr"; flutter 
build apk --debug > 
build_output.txt 2>&1
+                      
   ~~~~~~~~~~~~~~~~~~~~
~~~~~~~~~~~~~~~~~~~~~~~
~~~~~~
    + CategoryInfo     
         : NotSpecifi  
  ed: (:String) [],    
 RemoteException
    + FullyQualifiedEr 
   rorId : NativeComm  
  andError
 
FAILURE: Build failed 
with an exception.

* What went wrong:
Execution failed for 
task ':receive_sharing_
intent:compileDebugKotl
in'.
> Inconsistent JVM 
Target Compatibility 
Between Java and 
Kotlin Tasks
    Inconsistent JVM 
Target Compatibility 
Between Java and 
Kotlin Tasks
      Inconsistent 
JVM-target 
compatibility detected 
for tasks 'compileDebug
JavaWithJavac' (1.8) 
and 
'compileDebugKotlin' 
(21).

* Try:
> Consider using JVM 
Toolchain: https://kotl
.in/gradle/jvm/toolchai
n
> Run with --scan to 
get full insights.

BUILD FAILED in 6s
Running Gradle task 'assembleDebug'...                              6.5s
Gradle task 
assembleDebug failed 
with exit code 1
