Analyzing mobile...                                             

warning - Unused import: '../../../../features/projects/domain/entities/project.dart' - lib\features\capture\presentation\screens\capture_screen.dart:6:8 - unused_import
   info - 'value' is deprecated and shouldn't be used. Use initialValue instead. This will set the initial value for the form field. This feature was deprecated after v3.33.0-1.0.pre - lib\features\capture\presentation\screens\capture_screen.dart:189:25 - deprecated_member_use
warning - Unused import: 'package:mobile/core/providers/selection_provider.dart' - lib\features\projects\presentation\providers\project_provider.dart:3:8 - unused_import
warning - The stack trace variable 'stack' isn't used and can be removed - lib\features\projects\presentation\providers\project_provider.dart:101:17 - unused_catch_stack
   info - Empty catch block - lib\features\projects\presentation\providers\project_provider.dart:101:24 - empty_catches
warning - Dead code: Catch clauses after a 'catch (e)' or an 'on Object catch (e)' are never reached - lib\features\projects\presentation\providers\project_provider.dart:102:7 - dead_code_catch_following_catch
   info - The import of 'package:flutter/services.dart' is unnecessary because all of the used elements are also provided by the import of 'package:flutter/material.dart' - lib\features\projects\presentation\widgets\item_tile.dart:2:8 - unnecessary_import
   info - Use 'const' with the constructor to improve performance - lib\features\projects\presentation\widgets\item_tile.dart:243:21 - prefer_const_constructors
   info - Use 'const' with the constructor to improve performance - lib\features\projects\presentation\widgets\item_tile.dart:245:30 - prefer_const_constructors
   info - Use 'const' literals as arguments to constructors of '@immutable' classes - lib\features\projects\presentation\widgets\item_tile.dart:246:35 - prefer_const_literals_to_create_immutables
   info - Use 'const' with the constructor to improve performance - lib\features\projects\presentation\widgets\item_tile.dart:247:27 - prefer_const_constructors
   info - Use 'const' with the constructor to improve performance - lib\features\projects\presentation\widgets\item_tile.dart:248:27 - prefer_const_constructors
   info - Use 'const' with the constructor to improve performance - lib\features\projects\presentation\widgets\item_tile.dart:249:27 - prefer_const_constructors
   info - Use 'const' with the constructor to improve performance - lib\features\settings\presentation\screens\settings_screen.dart:31:11 - prefer_const_constructors
   info - Use 'const' with the constructor to improve performance - lib\features\settings\presentation\screens\settings_screen.dart:44:11 - prefer_const_constructors
   info - Use 'const' with the constructor to improve performance - lib\features\settings\presentation\screens\settings_screen.dart:60:11 - prefer_const_constructors

cmd.exe : 16 issues 
found. (ran in 4.2s)
At line:1 char:1
+ cmd.exe /c flutter 
analyze > 
compile_errors.txt 
2>&1; type compile_er 
...
+ ~~~~~~~~~~~~~~~~~~~~~
~~~~~~~~~~~~~~~~~~~~~~~
~~~~~~~~
    + CategoryInfo     
         : NotSpecifi  
  ed: (16 issues fou   
 nd. (ran in 4.2s):    
String) [], Remote    
Exception
    + FullyQualifiedEr 
   rorId : NativeComm  
  andError
 
