00:00 +0: loading C:/Users/DEll/Desktop/Startup/FounderN/mobile/test/widget_test.dart
00:00 +0: Counter increments smoke test
Pending timers:
Timer (duration: 0:00:00.000000, periodic: false), created:
#0      new FakeTimer._ (package:fake_async/fake_async.dart:342:62)
#1      FakeAsync._createTimer (package:fake_async/fake_async.dart:260:29)
#2      FakeAsync.run.<anonymous closure> (package:fake_async/fake_async.dart:185:15)
#7      DioMixin.fetch (package:dio/src/dio_mixin.dart:466:30)
#8      DioMixin.request (package:dio/src/dio_mixin.dart:374:12)
#9      DioMixin.get (package:dio/src/dio_mixin.dart:71:12)
#10     ApiClient.get (package:mobile/core/api/api_client.dart:61:35)
#11     ProjectRemoteDataSourceImpl.getProjects (package:mobile/features/projects/data/datasources/project_remote_datasource.dart:19:39)
#12     ProjectRepositoryImpl.getProjects (package:mobile/features/projects/data/repositories/project_repository_impl.dart:14:35)
#13     ProjectsNotifier.loadProjects (package:mobile/features/projects/presentation/providers/project_provider.dart:37:42)
#14     new ProjectsNotifier (package:mobile/features/projects/presentation/providers/project_provider.dart:31:5)
#15     projectsListProvider.<anonymous closure> (package:mobile/features/projects/presentation/providers/project_provider.dart:24:10)
#16     StateNotifierProvider._create (package:riverpod/src/state_notifier_provider/base.dart:119:21)
#17     StateNotifierProviderElement.create.<anonymous closure> (package:riverpod/src/state_notifier_provider/base.dart:172:64)
#18     Result.guard (package:riverpod/src/result.dart:21:28)
#19     StateNotifierProviderElement.create (package:riverpod/src/state_notifier_provider/base.dart:172:43)
#20     ProviderElementBase.buildState (package:riverpod/src/framework/element.dart:426:7)
#21     ProviderElementBase.mount (package:riverpod/src/framework/element.dart:228:5)
#22     _StateReader._create (package:riverpod/src/framework/container.dart:47:11)
#23     _StateReader.getElement (package:riverpod/src/framework/container.dart:35:52)
#24     ProviderContainer.readProviderElement.<anonymous closure> (package:riverpod/src/framework/container.dart:440:40)
#25     ProviderContainer.readProviderElement (package:riverpod/src/framework/container.dart:475:8)
#26     ProviderBase.addListener (package:riverpod/src/framework/provider_base.dart:79:26)
#27     ProviderContainer.listen (package:riverpod/src/framework/container.dart:280:21)
#28     ConsumerStatefulElement.watch.<anonymous closure> (package:flutter_riverpod/src/consumer.dart:564:25)
#29     _LinkedHashMapMixin.putIfAbsent (dart:_compact_hash:675:23)
#30     ConsumerStatefulElement.watch (package:flutter_riverpod/src/consumer.dart:557:26)
#31     ProjectsScreen.build (package:mobile/features/projects/presentation/screens/projects_screen.dart:13:31)
#32     _ConsumerState.build (package:flutter_riverpod/src/consumer.dart:476:19)
#33     StatefulElement.build (package:flutter/src/widgets/framework.dart:5931:27)
#34     ConsumerStatefulElement.build (package:flutter_riverpod/src/consumer.dart:539:20)
#35     ComponentElement.performRebuild (package:flutter/src/widgets/framework.dart:5817:15)
#36     StatefulElement.performRebuild (package:flutter/src/widgets/framework.dart:5982:11)
#37     Element.rebuild (package:flutter/src/widgets/framework.dart:5529:7)
#38     ComponentElement._firstBuild (package:flutter/src/widgets/framework.dart:5799:5)
#39     StatefulElement._firstBuild (package:flutter/src/widgets/framework.dart:5973:11)
#40     ComponentElement.mount (package:flutter/src/widgets/framework.dart:5793:5)
...     Normal element mounting (260 frames)
#300    Element.inflateWidget (package:flutter/src/widgets/framework.dart:4587:20)
#301    MultiChildRenderObjectElement.inflateWidget (package:flutter/src/widgets/framework.dart:7264:36)
#302    MultiChildRenderObjectElement.mount (package:flutter/src/widgets/framework.dart:7279:32)
...     Normal element mounting (462 frames)
#764    _UncontrolledProviderScopeElement.mount (package:flutter_riverpod/src/framework.dart:315:11)
...     Normal element mounting (9 frames)
#773    Element.inflateWidget (package:flutter/src/widgets/framework.dart:4587:20)
#774    Element.updateChild (package:flutter/src/widgets/framework.dart:4053:20)
#775    ComponentElement.performRebuild (package:flutter/src/widgets/framework.dart:5841:16)
#776    Element.rebuild (package:flutter/src/widgets/framework.dart:5529:7)
#777    ProxyElement.update (package:flutter/src/widgets/framework.dart:6149:5)
#778    _InheritedNotifierElement.update (package:flutter/src/widgets/inherited_notifier.dart:108:11)
#779    Element.updateChild (package:flutter/src/widgets/framework.dart:4037:15)
#780    ComponentElement.performRebuild (package:flutter/src/widgets/framework.dart:5841:16)
#781    StatefulElement.performRebuild (package:flutter/src/widgets/framework.dart:5982:11)
#782    Element.rebuild (package:flutter/src/widgets/framework.dart:5529:7)
#783    StatefulElement.update (package:flutter/src/widgets/framework.dart:6007:5)
#784    Element.updateChild (package:flutter/src/widgets/framework.dart:4037:15)
#785    ComponentElement.performRebuild (package:flutter/src/widgets/framework.dart:5841:16)
#786    Element.rebuild (package:flutter/src/widgets/framework.dart:5529:7)
#787    ProxyElement.update (package:flutter/src/widgets/framework.dart:6149:5)
#788    _InheritedNotifierElement.update (package:flutter/src/widgets/inherited_notifier.dart:108:11)
#789    Element.updateChild (package:flutter/src/widgets/framework.dart:4037:15)
#790    ComponentElement.performRebuild (package:flutter/src/widgets/framework.dart:5841:16)
#791    StatefulElement.performRebuild (package:flutter/src/widgets/framework.dart:5982:11)
#792    Element.rebuild (package:flutter/src/widgets/framework.dart:5529:7)
#793    StatefulElement.update (package:flutter/src/widgets/framework.dart:6007:5)
#794    Element.updateChild (package:flutter/src/widgets/framework.dart:4037:15)
#795    ComponentElement.performRebuild (package:flutter/src/widgets/framework.dart:5841:16)
#796    StatefulElement.performRebuild (package:flutter/src/widgets/framework.dart:5982:11)
#797    Element.rebuild (package:flutter/src/widgets/framework.dart:5529:7)
#798    StatefulElement.update (package:flutter/src/widgets/framework.dart:6007:5)
#799    Element.updateChild (package:flutter/src/widgets/framework.dart:4037:15)
#800    ComponentElement.performRebuild (package:flutter/src/widgets/framework.dart:5841:16)
#801    Element.rebuild (package:flutter/src/widgets/framework.dart:5529:7)
#802    ProxyElement.update (package:flutter/src/widgets/framework.dart:6149:5)
#803    Element.updateChild (package:flutter/src/widgets/framework.dart:4037:15)
#804    ComponentElement.performRebuild (package:flutter/src/widgets/framework.dart:5841:16)
#805    StatefulElement.performRebuild (package:flutter/src/widgets/framework.dart:5982:11)
#806    Element.rebuild (package:flutter/src/widgets/framework.dart:5529:7)
#807    StatefulElement.update (package:flutter/src/widgets/framework.dart:6007:5)
#808    Element.updateChild (package:flutter/src/widgets/framework.dart:4037:15)
#809    ComponentElement.performRebuild (package:flutter/src/widgets/framework.dart:5841:16)
#810    Element.rebuild (package:flutter/src/widgets/framework.dart:5529:7)
#811    ProxyElement.update (package:flutter/src/widgets/framework.dart:6149:5)
#812    Element.updateChild (package:flutter/src/widgets/framework.dart:4037:15)
#813    ComponentElement.performRebuild (package:flutter/src/widgets/framework.dart:5841:16)
#814    Element.rebuild (package:flutter/src/widgets/framework.dart:5529:7)
#815    ProxyElement.update (package:flutter/src/widgets/framework.dart:6149:5)
#816    Element.updateChild (package:flutter/src/widgets/framework.dart:4037:15)
#817    _RawViewElement._updateChild (package:flutter/src/widgets/view.dart:481:16)
#818    _RawViewElement.update (package:flutter/src/widgets/view.dart:568:5)
#819    Element.updateChild (package:flutter/src/widgets/framework.dart:4037:15)
#820    ComponentElement.performRebuild (package:flutter/src/widgets/framework.dart:5841:16)
#821    Element.rebuild (package:flutter/src/widgets/framework.dart:5529:7)
#822    StatelessElement.update (package:flutter/src/widgets/framework.dart:5895:5)
#823    Element.updateChild (package:flutter/src/widgets/framework.dart:4037:15)
#824    ComponentElement.performRebuild (package:flutter/src/widgets/framework.dart:5841:16)
#825    StatefulElement.performRebuild (package:flutter/src/widgets/framework.dart:5982:11)
#826    Element.rebuild (package:flutter/src/widgets/framework.dart:5529:7)
#827    StatefulElement.update (package:flutter/src/widgets/framework.dart:6007:5)
#828    Element.updateChild (package:flutter/src/widgets/framework.dart:4037:15)
#829    RootElement._rebuild (package:flutter/src/widgets/binding.dart:1822:16)
#830    RootElement.update (package:flutter/src/widgets/binding.dart:1800:5)
#831    RootElement.performRebuild (package:flutter/src/widgets/binding.dart:1814:7)
#832    Element.rebuild (package:flutter/src/widgets/framework.dart:5529:7)
#833    BuildScope._tryRebuild (package:flutter/src/widgets/framework.dart:2750:15)
#834    BuildScope._flushDirtyElements (package:flutter/src/widgets/framework.dart:2807:11)
#835    BuildOwner.buildScope (package:flutter/src/widgets/framework.dart:3111:18)
#836    AutomatedTestWidgetsFlutterBinding.drawFrame (package:flutter_test/src/binding.dart:2131:19)
#837    RendererBinding._handlePersistentFrameCallback (package:flutter/src/rendering/binding.dart:495:5)
#838    SchedulerBinding._invokeFrameCallback (package:flutter/src/scheduler/binding.dart:1430:15)
#839    SchedulerBinding.handleDrawFrame (package:flutter/src/scheduler/binding.dart:1345:9)
#840    AutomatedTestWidgetsFlutterBinding.pump.<anonymous closure> (package:flutter_test/src/binding.dart:1960:9)
#843    TestAsyncUtils.guard (package:flutter_test/src/test_async_utils.dart:74:41)
#844    AutomatedTestWidgetsFlutterBinding.pump (package:flutter_test/src/binding.dart:1949:27)
#845    WidgetTester.pumpWidget.<anonymous closure> (package:flutter_test/src/widget_tester.dart:598:22)
#848    TestAsyncUtils.guard (package:flutter_test/src/test_async_utils.dart:74:41)
#849    WidgetTester.pumpWidget (package:flutter_test/src/widget_tester.dart:595:27)
#850    main.<anonymous closure> (file:///C:/Users/DEll/Desktop/Startup/FounderN/mobile/test/widget_test.dart:16:18)
#851    testWidgets.<anonymous closure>.<anonymous closure> (package:flutter_test/src/widget_tester.dart:192:29)
<asynchronous suspension>
#852    TestWidgetsFlutterBinding._runTestBody (package:flutter_test/src/binding.dart:1682:5)
<asynchronous suspension>
<asynchronous suspension>
(elided 9 frames from dart:async and package:stack_trace)

ΓòÉΓòÉΓòí EXCEPTION CAUGHT BY FLUTTER TEST FRAMEWORK Γò₧ΓòÉΓòÉΓòÉΓòÉΓòÉΓòÉΓòÉΓòÉΓòÉΓòÉΓòÉΓòÉΓòÉΓòÉΓòÉΓòÉΓòÉΓòÉΓòÉΓòÉΓòÉΓòÉΓòÉΓòÉΓòÉΓòÉΓòÉΓòÉΓòÉΓòÉΓòÉΓòÉΓòÉΓòÉΓòÉΓòÉΓòÉΓòÉΓòÉΓòÉΓòÉΓòÉΓòÉΓòÉΓòÉΓòÉΓòÉΓòÉΓòÉΓòÉΓòÉΓòÉ
The following assertion was thrown running a test:
A Timer is still pending even after the widget tree was disposed.
'package:flutter_test/src/binding.dart':
Failed assertion: line 2242 pos 12: '!timersPending'

When the exception was thrown, this was the stack:
#2      AutomatedTestWidgetsFlutterBinding._verifyInvariants (package:flutter_test/src/binding.dart:2242:12)
#3      TestWidgetsFlutterBinding._runTestBody (package:flutter_test/src/binding.dart:1703:7)
<asynchronous suspension>
<asynchronous suspension>
(elided 3 frames from class _AssertionError and package:stack_trace)

The test description was:
  Counter increments smoke test
ΓòÉΓòÉΓòÉΓòÉΓòÉΓòÉΓòÉΓòÉΓòÉΓòÉΓòÉΓòÉΓòÉΓòÉΓòÉΓòÉΓòÉΓòÉΓòÉΓòÉΓòÉΓòÉΓòÉΓòÉΓòÉΓòÉΓòÉΓòÉΓòÉΓòÉΓòÉΓòÉΓòÉΓòÉΓòÉΓòÉΓòÉΓòÉΓòÉΓòÉΓòÉΓòÉΓòÉΓòÉΓòÉΓòÉΓòÉΓòÉΓòÉΓòÉΓòÉΓòÉΓòÉΓòÉΓòÉΓòÉΓòÉΓòÉΓòÉΓòÉΓòÉΓòÉΓòÉΓòÉΓòÉΓòÉΓòÉΓòÉΓòÉΓòÉΓòÉΓòÉΓòÉΓòÉΓòÉΓòÉΓòÉΓòÉΓòÉΓòÉΓòÉΓòÉΓòÉΓòÉΓòÉΓòÉΓòÉΓòÉΓòÉΓòÉΓòÉΓòÉΓòÉΓòÉΓòÉΓòÉΓòÉΓòÉΓòÉΓòÉ
00:00 +0 -1: Counter increments smoke test [E]
  Test failed. See exception logs above.
  The test description was: Counter increments smoke test
  
00:00 +0 -1: Some tests failed.
